src/app/dashboard/inbox/page.tsx(118,98): error TS1003: Identifier expected.
src/app/dashboard/inbox/page.tsx(118,100): error TS1351: An identifier or keyword cannot immediately follow a numeric literal.
undefined
C:\Users\Billy\.gemini\antigravity\scratch\agencia-saas-ia\apps\web:
ÔÇëERR_PNPM_RECURSIVE_EXEC_FIRST_FAILÔÇë Command failed with exit code 1: tsc --noEmit
